{"wall": 1791008527.3069468, "seq": "1", "attempt": "S01_HOLD_I3_r1", "invalid": []}
{"wall": 1791008586.9870877, "seq": "2", "attempt": "S02_DECEL_TOPIC_I3_r1", "invalid": []}
{"wall": 1791008647.0408642, "seq": "3", "attempt": "S03_B0_CLOCK_I3_r1", "invalid": []}
{"wall": 1791008707.7556257, "seq": "4", "attempt": "S04_HOLD_QFh_r1", "invalid": []}
{"wall": 1791008761.3464162, "seq": "5", "attempt": "S05_DECEL_TOPIC_QFh_r1", "invalid": []}
{"wall": 1791008818.9831285, "seq": "6", "attempt": "S06_B0_CLOCK_QFh_r1", "invalid": []}
{"wall": 1791008875.2990017, "seq": "7", "attempt": "S07_B0_CLOCK_I3h_r1", "invalid": []}
{"wall": 1791008931.7174025, "seq": "8", "attempt": "S08_HOLD_I3h_r1", "invalid": []}
{"wall": 1791008989.1585937, "seq": "9", "attempt": "S09_DECEL_TOPIC_I3h_r1", "invalid": []}
{"wall": 1791009045.6587846, "seq": "10", "attempt": "S10_DECEL_TOPIC_QF_r1", "invalid": []}
{"wall": 1791009097.8084028, "seq": "11", "attempt": "S11_B0_CLOCK_QF_r1", "invalid": []}
{"wall": 1791009157.646466, "seq": "12", "attempt": "S12_HOLD_QF_r1", "invalid": []}
{"wall": 1791009217.7264197, "seq": "13", "attempt": "S13_DECEL_TOPIC_I3_r2", "invalid": []}
{"wall": 1791009277.223986, "seq": "14", "attempt": "S14_B0_CLOCK_I3_r2", "invalid": []}
{"wall": 1791009335.0906372, "seq": "15", "attempt": "S15_HOLD_I3_r2", "invalid": []}
{"wall": 1791009398.756704, "seq": "16", "attempt": "S16_DECEL_TOPIC_QFh_r2", "invalid": []}
{"wall": 1791009456.438688, "seq": "17", "attempt": "S17_B0_CLOCK_QFh_r2", "invalid": []}
{"wall": 1791009512.783808, "seq": "18", "attempt": "S18_HOLD_QFh_r2", "invalid": []}
{"wall": 1791009569.77601, "seq": "19", "attempt": "S19_HOLD_I3h_r2", "invalid": []}
{"wall": 1791009625.9425874, "seq": "20", "attempt": "S20_DECEL_TOPIC_I3h_r2", "invalid": []}
{"wall": 1791009685.0534024, "seq": "21", "attempt": "S21_B0_CLOCK_I3h_r2", "invalid": []}
{"wall": 1791009739.0529935, "seq": "22", "attempt": "S22_B0_CLOCK_QF_r2", "invalid": []}
{"wall": 1791009791.9600968, "seq": "23", "attempt": "S23_HOLD_QF_r2", "invalid": []}
{"wall": 1791009851.9364626, "seq": "24", "attempt": "S24_DECEL_TOPIC_QF_r2", "invalid": []}
{"wall": 1791009904.6743066, "seq": "25", "attempt": "S25_HOLD_QF_r3", "invalid": []}
{"wall": 1791009961.2590742, "seq": "26", "attempt": "S26_DECEL_TOPIC_QF_r3", "invalid": []}
{"wall": 1791010014.4289489, "seq": "27", "attempt": "S27_B0_CLOCK_QF_r3", "invalid": []}
{"wall": 1791010071.2763252, "seq": "28", "attempt": "S28_B0_CLOCK_I3_r3", "invalid": []}
{"wall": 1791010131.2872596, "seq": "29", "attempt": "S29_HOLD_I3_r3", "invalid": []}
{"wall": 1791010191.234132, "seq": "30", "attempt": "S30_DECEL_TOPIC_I3_r3", "invalid": []}
{"wall": 1791010246.0299318, "seq": "31", "attempt": "S31_DECEL_TOPIC_I3h_r3", "invalid": []}
{"wall": 1791010300.240674, "seq": "32", "attempt": "S32_B0_CLOCK_I3h_r3", "invalid": []}
{"wall": 1791010359.619756, "seq": "33", "attempt": "S33_HOLD_I3h_r3", "invalid": []}
{"wall": 1791010413.476466, "seq": "34", "attempt": "S34_B0_CLOCK_QFh_r3", "invalid": []}
{"wall": 1791010469.3841016, "seq": "35", "attempt": "S35_HOLD_QFh_r3", "invalid": []}
{"wall": 1791010525.842428, "seq": "36", "attempt": "S36_DECEL_TOPIC_QFh_r3", "invalid": []}
