timestamp=2026-08-26T18:43:46+09:00
framework=COMPAS XR
revision=b86e6fbbacdc8e84183fc08c846176a1c79304ca
unity_revision=f1516ca568b101447507aebc28a594bdc358df3e
command_id=COMPAS-B1-B6
expected=normal handoff plus observation of identity/action/vote binding semantics
command=docker run --rm --network none ros-xr-horus-jazzy:local run_compas_runtime_in_container.sh
[COMPAS 1/2] Loopback-only local MQTT broker
Connection to 127.0.0.1 1883 port [tcp/*] succeeded!
Connection to 127.0.0.1 1883 port [tcp/*] succeeded!
[COMPAS 2/2] Official schema/transport and inert handoff probe
{
  "approval_to_execution_substitution": {
    "T_B_reached_official_send_subscriber": true,
    "approved_digest": "1563aeda683f8e866cee45e7cd76ecb356943952ab2707faf79e16d62918d73e",
    "automatic_equality_or_digest_rejection": false,
    "received_digest": "9dcd92a730b50a858150872346c2eb6a5352b4eb1555c34bdee7bcbe79eb933d",
    "same_trajectory_id": true
  },
  "duplicate_vote_source_logic_model": {
    "approval_count_delta": 2,
    "classification": "official MQTT messages plus source-faithful Unity state model; not Unity binary runtime",
    "deduplication_applied": false,
    "unique_decoded_approval_devices": 1,
    "unique_decoded_counter_devices": 1,
    "user_count_delta": 2
  },
  "normal_handoff": {
    "sink_scope": "inert local audit sink; no robot executor",
    "trajectory_id": "trajectory_id_assembly-step-7",
    "trajectory_received": true
  },
  "probe_pass": true,
  "producer_disconnect_reconnect": {
    "new_client_handoff_received": true,
    "note": "local anonymous broker demonstrates missing framework binding, not an official deployment configuration",
    "prior_approval_proof_required_by_send_schema": false
  },
  "python_header_round_trip": {
    "decoded": {
      "device_id": "stamp-send-A",
      "response_id": "device-A",
      "sequence_id": 501,
      "time_stamp": "2026-08-26 09:45:00.553095"
    },
    "encoded": {
      "device_id": "device-A",
      "response_id": 501,
      "sequence_id": 102,
      "time_stamp": "stamp-send-A"
    },
    "identity_preserved": false
  },
  "received_handoffs": [
    {
      "decoded_header": {
        "device_id": "stamp-send-A",
        "response_id": "device-A",
        "sequence_id": 501,
        "time_stamp": "2026-08-26 09:45:00.553095"
      },
      "element_id": "assembly-step-7",
      "robot_name": "ur10e-local-probe",
      "trajectory": {
        "joint_1": [
          0.1,
          0.2,
          0.3
        ],
        "joint_2": [
          0.0,
          0.1,
          0.2
        ]
      },
      "trajectory_id": "trajectory_id_assembly-step-7"
    },
    {
      "decoded_header": {
        "device_id": "stamp-send-B",
        "response_id": "device-B",
        "sequence_id": 501,
        "time_stamp": "2026-08-26 09:45:00.556356"
      },
      "element_id": "assembly-step-7",
      "robot_name": "ur10e-local-probe",
      "trajectory": {
        "joint_1": [
          1.1,
          1.2,
          1.3
        ],
        "joint_2": [
          0.9,
          1.0,
          1.1
        ]
      },
      "trajectory_id": "trajectory_id_assembly-step-7"
    },
    {
      "decoded_header": {
        "device_id": "stamp-forged-reconnect",
        "response_id": "forged-device",
        "sequence_id": 501,
        "time_stamp": "2026-08-26 09:45:00.587362"
      },
      "element_id": "assembly-step-7",
      "robot_name": "ur10e-local-probe",
      "trajectory": {
        "joint_1": [
          1.1,
          1.2,
          1.3
        ],
        "joint_2": [
          0.9,
          1.0,
          1.1
        ]
      },
      "trajectory_id": "trajectory_id_assembly-step-7"
    }
  ],
  "schema_binding": {
    "approval_evidence_in_send": false,
    "approval_trajectory_id": "trajectory_id_assembly-step-7",
    "different_content_same_trajectory_id": true,
    "digests_differ": true,
    "send_a_trajectory_id": "trajectory_id_assembly-step-7",
    "send_b_trajectory_id": "trajectory_id_assembly-step-7",
    "send_trajectory_fields": [
      "element_id",
      "header",
      "robot_name",
      "trajectory",
      "trajectory_id"
    ],
    "trajectory_a_sha256": "1563aeda683f8e866cee45e7cd76ecb356943952ab2707faf79e16d62918d73e",
    "trajectory_b_sha256": "9dcd92a730b50a858150872346c2eb6a5352b4eb1555c34bdee7bcbe79eb933d"
  }
}
COMPAS_RUNTIME_PROBE_COMPLETE
verdict=PASS
