COMPAS_SOURCE_AUDIT_BEGIN
COMPAS_EXECUTOR_JSON_BEGIN
{
  "documentation_boundary": {
    "calls_execution_service_custom_subscriber": true,
    "documentation_claims_robot_transfer": true,
    "documentation_source_mismatch": true,
    "requires_additional_cad_input_for_execution": true,
    "source_example_exposes_trajectory_output": false
  },
  "executor_classification": {
    "case": "C",
    "framework_exact_binding_guarantee": "MISSING AT PUBLIC HANDOFF",
    "label": "Framework delegates final robot execution to custom integration",
    "paper_reported_physical_integration": "CAA papers report project-specific ROS/MoveIt plus UR RTDE integration, but publish no inspectable executor artifact or exact-binding logic",
    "physical_execution": "UNCONFIRMED",
    "public_official_or_representative_executable_executor": "NOT FOUND",
    "reason": "The official component/sample terminates at a SendTrajectory subscriber, exposes only element ID and robot name, and leaves robot control as a placeholder.",
    "research_weight": "SECONDARY EVIDENCE ONLY",
    "ta_to_tb_robot_input_test": "NOT RUN"
  },
  "external_official_sources_for_report": [
    "https://compas.dev/compas_xr/latest/userguide.html",
    "https://doi.org/10.1007/s41693-024-00138-6",
    "https://doi.org/10.1007/s41693-025-00158-w",
    "https://github.com/compas-dev/compas_xr"
  ],
  "fixed_revisions": {
    "compas_xr": "b86e6fbbacdc8e84183fc08c846176a1c79304ca",
    "compas_xr_expected": "b86e6fbbacdc8e84183fc08c846176a1c79304ca",
    "compas_xr_unity_assembly": "f1516ca568b101447507aebc28a594bdc358df3e",
    "compas_xr_unity_expected": "f1516ca568b101447507aebc28a594bdc358df3e"
  },
  "official_artifact_inventory": {
    "execution_example": "docs/examples/scripts/ex2_robotic_trajectory_visualization_example.ghx",
    "gh_count": 0,
    "ghx_count": 2,
    "grasshopper_definitions": [
      "docs/examples/scripts/ex1_assembly_definition_and_firebaseupload.ghx",
      "docs/examples/scripts/ex2_robotic_trajectory_visualization_example.ghx"
    ]
  },
  "official_ghx_execution_boundary": {
    "embedded_component_reads_trajectory": false,
    "embedded_component_returns_only_element_and_robot": true,
    "execution_service_output_consumers": {
      "a": [
        "Requested Robot"
      ],
      "execute_element_id": [
        "Requested Element"
      ]
    },
    "execution_service_outputs": [
      "execute_element_id",
      "a"
    ],
    "execution_service_present": true,
    "implemented_robot_control_api_tokens": [],
    "path": "/workspace/frameworks/compas_xr/docs/examples/scripts/ex2_robotic_trajectory_visualization_example.ghx",
    "placeholder_examples": true,
    "project_specific_control_placeholder": true,
    "trajectory_output_present": false
  },
  "packaged_execution_component": {
    "approval_or_digest_check": false,
    "forwards_full_message_to_worker": true,
    "outputs": [
      "execute_element_id",
      "execution_robot"
    ],
    "reads_trajectory_for_output": false,
    "returns_only_element_and_robot": true,
    "subscribes_to_send_trajectory": true
  },
  "probe": "COMPAS XR official executor boundary audit",
  "probe_pass": true,
  "safe_reference_integration_requirements": [
    "canonical trajectory digest and immutable version",
    "binding among element ID, robot ID, trajectory content, and transaction ID",
    "authenticated distinct approvers and approval quorum",
    "authorization epoch, timeout, and replay rejection",
    "final comparison at the controller or robot-action handoff"
  ],
  "safety_scope": {
    "activity": "fixed-source, official-example, and local schema inspection only",
    "invented_executor": false,
    "network_access": false,
    "public_broker": false,
    "robot_or_controller": false
  },
  "schema_runtime": {
    "approval_binding_fields": [],
    "approval_trajectory_id": "trajectory_id_assembly-step-7",
    "available": true,
    "different_content_same_trajectory_id": true,
    "digests_differ": true,
    "send_a_trajectory_id": "trajectory_id_assembly-step-7",
    "send_b_trajectory_id": "trajectory_id_assembly-step-7",
    "send_fields": [
      "element_id",
      "header",
      "robot_name",
      "trajectory",
      "trajectory_id"
    ],
    "trajectory_a_sha256": "1563aeda683f8e866cee45e7cd76ecb356943952ab2707faf79e16d62918d73e",
    "trajectory_b_sha256": "9dcd92a730b50a858150872346c2eb6a5352b4eb1555c34bdee7bcbe79eb933d"
  },
  "source_trace": {
    "custom_integration_documentation": "frameworks/compas_xr@b86e6fbbacdc8e84183fc08c846176a1c79304ca:docs/userguide.md:546-552",
    "execution_subscriber_documentation": "frameworks/compas_xr@b86e6fbbacdc8e84183fc08c846176a1c79304ca:docs/userguide.md:670-695",
    "official_ghx_control_placeholder": "frameworks/compas_xr@b86e6fbbacdc8e84183fc08c846176a1c79304ca:docs/examples/scripts/ex2_robotic_trajectory_visualization_example.ghx:23132-23134",
    "official_ghx_embedded_subscriber": "frameworks/compas_xr@b86e6fbbacdc8e84183fc08c846176a1c79304ca:docs/examples/scripts/ex2_robotic_trajectory_visualization_example.ghx:17489-17561",
    "packaged_outputs": "frameworks/compas_xr@b86e6fbbacdc8e84183fc08c846176a1c79304ca:src/compas_xr/ghpython/components/Cx_SendTrajectory/code.py:60-65",
    "packaged_subscriber": "frameworks/compas_xr@b86e6fbbacdc8e84183fc08c846176a1c79304ca:src/compas_xr/ghpython/components/Cx_SendTrajectory/code.py:19-33",
    "send_schema": "frameworks/compas_xr@b86e6fbbacdc8e84183fc08c846176a1c79304ca:src/compas_xr/mqtt/messages.py:459-508",
    "unity_send_schema": "frameworks/compas_xr_unity_assembly@f1516ca568b101447507aebc28a594bdc358df3e:Assets/Scripts/MQTTDataCompasXR.cs:728-774",
    "unity_send_trigger": "frameworks/compas_xr_unity_assembly@f1516ca568b101447507aebc28a594bdc358df3e:Assets/Scripts/UIFunctionalities.cs:1169-1177"
  },
  "verdict": "PASS_CASE_C"
}
COMPAS_EXECUTOR_JSON_END
COMPAS_SOURCE_AUDIT_END
COMPAS_RUNTIME_BEGIN
[COMPAS 1/2] Loopback-only credential-authenticated MQTT broker
Connection to 127.0.0.1 1883 port [tcp/*] succeeded!
Connection to 127.0.0.1 1883 port [tcp/*] succeeded!
[COMPAS 2/2] Runtime probe: compas_runtime_probe.py 
{
  "approval_to_execution_substitution": {
    "T_B_reached_official_send_subscriber": true,
    "approved_digest": "1563aeda683f8e866cee45e7cd76ecb356943952ab2707faf79e16d62918d73e",
    "attack_ids": [
      "A1_MUTABLE_CURRENT_TRAJECTORY",
      "A2_SAME_ID_DIFFERENT_CONTENT"
    ],
    "automatic_equality_or_digest_rejection": false,
    "final_classification": "ACCEPTED_BY_OFFICIAL_HANDOFF_NO_ROBOT_COMMAND",
    "received_digest": "9dcd92a730b50a858150872346c2eb6a5352b4eb1555c34bdee7bcbe79eb933d",
    "same_trajectory_id": true
  },
  "broker_authentication": {
    "enabled": true,
    "password_recorded": false,
    "principal": "xr2act-primary",
    "transport": "official compas_eve MqttTransport with pre-connect paho credential injection"
  },
  "cross_robot_substitution": {
    "accepted_by_official_send_subscriber": true,
    "approved_robot": "ur10e-local-probe",
    "attack_id": "A3_CROSS_ROBOT_SUBSTITUTION",
    "final_classification": "ACCEPTED_BY_OFFICIAL_HANDOFF_NO_ROBOT_COMMAND",
    "received_robot": "ur3-cross-robot-probe",
    "same_trajectory_id": true
  },
  "duplicate_vote_source_logic_model": {
    "approval_count_delta": 2,
    "classification": "official MQTT messages plus source-faithful Unity state model; not Unity binary runtime",
    "deduplication_applied": false,
    "unique_decoded_approval_devices": 1,
    "unique_decoded_counter_devices": 1,
    "user_count_delta": 2
  },
  "normal_handoff": {
    "approver_identities_claimed_in_headers": [
      "honest-device-A",
      "honest-device-B",
      "honest-device-C"
    ],
    "approver_identity_authentication": "UNCONFIRMED_SELF_ASSERTED_DEVICE_HEADER",
    "sink_scope": "inert local audit sink; no robot executor",
    "trajectory_id": "trajectory_id_assembly-step-7",
    "trajectory_received": true
  },
  "probe_pass": true,
  "producer_disconnect_reconnect": {
    "new_client_handoff_received": true,
    "note": "the reconnecting MQTT client used the same authenticated broker credential; this demonstrates missing approval-to-send binding, not a cross-principal scope bypass",
    "prior_approval_proof_required_by_send_schema": false
  },
  "python_header_round_trip": {
    "decoded": {
      "device_id": "stamp-send-A",
      "response_id": "device-A",
      "sequence_id": 501,
      "time_stamp": "2026-08-27 04:40:34.833132"
    },
    "encoded": {
      "device_id": "device-A",
      "response_id": 501,
      "sequence_id": 102,
      "time_stamp": "stamp-send-A"
    },
    "identity_preserved": false
  },
  "received_handoffs": [
    {
      "decoded_header": {
        "device_id": "stamp-send-A",
        "response_id": "device-A",
        "sequence_id": 501,
        "time_stamp": "2026-08-27 04:40:34.833132"
      },
      "element_id": "assembly-step-7",
      "robot_name": "ur10e-local-probe",
      "trajectory": {
        "joint_1": [
          0.1,
          0.2,
          0.3
        ],
        "joint_2": [
          0.0,
          0.1,
          0.2
        ]
      },
      "trajectory_id": "trajectory_id_assembly-step-7"
    },
    {
      "decoded_header": {
        "device_id": "stamp-send-B",
        "response_id": "device-B",
        "sequence_id": 501,
        "time_stamp": "2026-08-27 04:40:34.841320"
      },
      "element_id": "assembly-step-7",
      "robot_name": "ur10e-local-probe",
      "trajectory": {
        "joint_1": [
          1.1,
          1.2,
          1.3
        ],
        "joint_2": [
          0.9,
          1.0,
          1.1
        ]
      },
      "trajectory_id": "trajectory_id_assembly-step-7"
    },
    {
      "decoded_header": {
        "device_id": "stamp-cross-robot",
        "response_id": "primary-device",
        "sequence_id": 501,
        "time_stamp": "2026-08-27 04:40:34.871358"
      },
      "element_id": "assembly-step-7",
      "robot_name": "ur3-cross-robot-probe",
      "trajectory": {
        "joint_1": [
          1.1,
          1.2,
          1.3
        ],
        "joint_2": [
          0.9,
          1.0,
          1.1
        ]
      },
      "trajectory_id": "trajectory_id_assembly-step-7"
    },
    {
      "decoded_header": {
        "device_id": "stamp-stale-approval",
        "response_id": "primary-device",
        "sequence_id": 501,
        "time_stamp": "2026-08-27 04:40:34.901714"
      },
      "element_id": "assembly-step-7",
      "robot_name": "ur10e-local-probe",
      "trajectory": {
        "joint_1": [
          1.1,
          1.2,
          1.3
        ],
        "joint_2": [
          0.9,
          1.0,
          1.1
        ]
      },
      "trajectory_id": "trajectory_id_assembly-step-7"
    },
    {
      "decoded_header": {
        "device_id": "stamp-forged-reconnect",
        "response_id": "forged-device",
        "sequence_id": 501,
        "time_stamp": "2026-08-27 04:40:34.932449"
      },
      "element_id": "assembly-step-7",
      "robot_name": "ur10e-local-probe",
      "trajectory": {
        "joint_1": [
          1.1,
          1.2,
          1.3
        ],
        "joint_2": [
          0.9,
          1.0,
          1.1
        ]
      },
      "trajectory_id": "trajectory_id_assembly-step-7"
    }
  ],
  "reference_negative_control": {
    "classification": "TEST_ONLY_REFERENCE_EXECUTOR_NOT_COMPAS_FEATURE",
    "cross_robot_t_b": {
      "allowed": false,
      "checks": {
        "approvers": true,
        "digest": false,
        "element": true,
        "epoch": true,
        "robot": false
      }
    },
    "normal_a": {
      "allowed": true,
      "checks": {
        "approvers": true,
        "digest": true,
        "element": true,
        "epoch": true,
        "robot": true
      }
    },
    "same_id_t_b": {
      "allowed": false,
      "checks": {
        "approvers": true,
        "digest": false,
        "element": true,
        "epoch": true,
        "robot": true
      }
    },
    "stale_epoch_t_b": {
      "allowed": false,
      "checks": {
        "approvers": true,
        "digest": false,
        "element": true,
        "epoch": false,
        "robot": true
      }
    }
  },
  "schema_binding": {
    "approval_evidence_in_send": false,
    "approval_trajectory_id": "trajectory_id_assembly-step-7",
    "different_content_same_trajectory_id": true,
    "digests_differ": true,
    "send_a_trajectory_id": "trajectory_id_assembly-step-7",
    "send_b_trajectory_id": "trajectory_id_assembly-step-7",
    "send_trajectory_fields": [
      "element_id",
      "header",
      "robot_name",
      "trajectory",
      "trajectory_id"
    ],
    "trajectory_a_sha256": "1563aeda683f8e866cee45e7cd76ecb356943952ab2707faf79e16d62918d73e",
    "trajectory_b_sha256": "9dcd92a730b50a858150872346c2eb6a5352b4eb1555c34bdee7bcbe79eb933d"
  },
  "stale_approval_reuse": {
    "accepted_by_official_send_subscriber": true,
    "approval_epoch_field_available": false,
    "approved_digest": "1563aeda683f8e866cee45e7cd76ecb356943952ab2707faf79e16d62918d73e",
    "attack_id": "A4_STALE_APPROVAL_REUSE",
    "final_classification": "ACCEPTED_BY_OFFICIAL_HANDOFF_NO_ROBOT_COMMAND",
    "received_digest": "9dcd92a730b50a858150872346c2eb6a5352b4eb1555c34bdee7bcbe79eb933d",
    "response_id_reused": true
  }
}
COMPAS_RUNTIME_PROBE_COMPLETE
COMPAS_RUNTIME_END
