[PASS] actual frame=<u32le dest_len><dest><u32le body_len><body>, handshake 검증 포함
[PASS] wire topic=q2r_right_hand_twist type=geometry_msgs/Twist payload=<6d>/48B
[PASS] Authorized direct /q2r_right_hand_twist = ALLOW
[PASS] Direct Low linear.x=0.440 = SROS2 BLOCK, Dummy Receiver 미수신
SROS2_DENIAL 2026-08-25 07:55:18.162 [SECURITY Error] rt/q2r_right_hand_twist topic denied by deny rule. (./src/cpp/security/accesscontrol/Permissions.cpp:189) -> Function check_create_datawriter
[PASS] ros_tcp_endpoint=127.0.0.1:10000 node=/UnityEndpoint enclave=/trusted_quest_bridge
[PASS] Client A Bridge ALLOW publisher=/q2r_right_hand_twist_RosPublisher gid=d14bceb8daa86d4ca4bada6300001f030000000000000000
[PASS] Client A/B 동시 inbound가 global publisher 1개와 동일 GID 공유; External Client ROS node=0
[NOTE] Client B는 server-global registry 범위 검증을 위해 의도적으로 __publish 재등록을 생략; 실제 Quest app reconnect 절차는 NOT VERIFIED
[PASS] Client A 정상 종료 후 B 연결 중 publisher/GID 유지
[PASS] 모든 TCP Client 종료 후에도 server-global publisher/GID 잔존
[PASS] Reconnect Client C가 재등록 없이 잔존 publisher/GID 재사용
[PASS] 같은 Topic 재등록은 publisher를 교체: graph node/enclave 유지, GID d14bceb8daa86d4ca4bada6300001f030000000000000000 -> d14bceb8daa86d4ca4bada6300002d030000000000000000
[OBSERVED] 재등록 후 Fast DDS endpoint-to-node association=_NODE_NAME_UNKNOWN_; node/enclave는 graph node set에서 확인

[endpoint lifecycle]
[INFO] [1787644519.233927057] [UnityEndpoint]: Starting server on 127.0.0.1:10000
[INFO] [1787644519.298423498] [UnityEndpoint]: Connection from 127.0.0.1
[INFO] [1787644519.299180708] [UnityEndpoint]: Disconnected from 127.0.0.1
[INFO] [1787644520.453696357] [UnityEndpoint]: Connection from 127.0.0.1
[INFO] [1787644520.459656751] [UnityEndpoint]: RegisterPublisher(q2r_right_hand_twist, <class 'geometry_msgs.msg._twist.Twist'>) OK
[INFO] [1787644521.490898221] [UnityEndpoint]: Connection from 127.0.0.1
[INFO] [1787644529.168090337] [UnityEndpoint]: Disconnected from 127.0.0.1
[INFO] [1787644532.307669519] [UnityEndpoint]: Disconnected from 127.0.0.1
[INFO] [1787644533.839883006] [UnityEndpoint]: Connection from 127.0.0.1
[INFO] [1787644534.445390127] [UnityEndpoint]: Disconnected from 127.0.0.1
[INFO] [1787644534.479593612] [UnityEndpoint]: Connection from 127.0.0.1
[INFO] [1787644534.484297492] [UnityEndpoint]: RegisterPublisher(q2r_right_hand_twist, <class 'geometry_msgs.msg._twist.Twist'>) OK
[INFO] [1787644536.084833005] [UnityEndpoint]: Disconnected from 127.0.0.1

[protocol clients]
QUEST_TCP_CONNECTED client=A endpoint=127.0.0.1:10000
QUEST_TCP_HANDSHAKE client=A version=v0.7.0 metadata={"protocol": "ROS2"}
QUEST_TCP_REGISTERED client=A topic=q2r_right_hand_twist type=geometry_msgs/Twist
QUEST_TCP_SENT client=A sequence=1 linear_x=0.440 angular_z=0.000
QUEST_TCP_SENT client=A sequence=2 linear_x=0.440 angular_z=0.000
QUEST_TCP_SENT client=A sequence=3 linear_x=0.440 angular_z=0.000
QUEST_TCP_SENT client=A sequence=4 linear_x=0.440 angular_z=0.000
QUEST_TCP_SENT client=A sequence=5 linear_x=0.440 angular_z=0.000
QUEST_TCP_SENT client=A sequence=6 linear_x=0.440 angular_z=0.000
QUEST_TCP_SENT client=A sequence=7 linear_x=0.440 angular_z=0.000
QUEST_TCP_SENT client=A sequence=8 linear_x=0.440 angular_z=0.000
QUEST_TCP_SENT client=A sequence=9 linear_x=0.440 angular_z=0.000
QUEST_TCP_SENT client=A sequence=10 linear_x=0.440 angular_z=0.000
QUEST_TCP_SENT client=A sequence=11 linear_x=0.440 angular_z=0.000
QUEST_TCP_SENT client=A sequence=12 linear_x=0.440 angular_z=0.000
QUEST_TCP_SENT client=A sequence=13 linear_x=0.440 angular_z=0.000
QUEST_TCP_SENT client=A sequence=14 linear_x=0.440 angular_z=0.000
QUEST_TCP_SENT client=A sequence=15 linear_x=0.440 angular_z=0.000
QUEST_TCP_SENT client=A sequence=16 linear_x=0.440 angular_z=0.000
QUEST_TCP_SENT client=A sequence=17 linear_x=0.440 angular_z=0.000
QUEST_TCP_SENT client=A sequence=18 linear_x=0.440 angular_z=0.000
QUEST_TCP_SENT client=A sequence=19 linear_x=0.440 angular_z=0.000
QUEST_TCP_SENT client=A sequence=20 linear_x=0.440 angular_z=0.000
QUEST_TCP_SENT client=A sequence=21 linear_x=0.440 angular_z=0.000
QUEST_TCP_SENT client=A sequence=22 linear_x=0.440 angular_z=0.000
QUEST_TCP_SENT client=A sequence=23 linear_x=0.440 angular_z=0.000
QUEST_TCP_SENT client=A sequence=24 linear_x=0.440 angular_z=0.000
QUEST_TCP_CLOSED client=A mode=normal
QUEST_TCP_CONNECTED client=B endpoint=127.0.0.1:10000
QUEST_TCP_HANDSHAKE client=B version=v0.7.0 metadata={"protocol": "ROS2"}
QUEST_TCP_REGISTER_SKIPPED client=B topic=q2r_right_hand_twist
QUEST_TCP_SENT client=B sequence=1 linear_x=0.550 angular_z=0.000
QUEST_TCP_SENT client=B sequence=2 linear_x=0.550 angular_z=0.000
QUEST_TCP_SENT client=B sequence=3 linear_x=0.550 angular_z=0.000
QUEST_TCP_SENT client=B sequence=4 linear_x=0.550 angular_z=0.000
QUEST_TCP_CLOSED client=B mode=normal
QUEST_TCP_CONNECTED client=C endpoint=127.0.0.1:10000
QUEST_TCP_HANDSHAKE client=C version=v0.7.0 metadata={"protocol": "ROS2"}
QUEST_TCP_REGISTER_SKIPPED client=C topic=q2r_right_hand_twist
QUEST_TCP_SENT client=C sequence=1 linear_x=0.660 angular_z=0.000
QUEST_TCP_SENT client=C sequence=2 linear_x=0.660 angular_z=0.000
QUEST_TCP_SENT client=C sequence=3 linear_x=0.660 angular_z=0.000
QUEST_TCP_CLOSED client=C mode=normal
QUEST_TCP_CONNECTED client=D endpoint=127.0.0.1:10000
QUEST_TCP_HANDSHAKE client=D version=v0.7.0 metadata={"protocol": "ROS2"}
QUEST_TCP_REGISTERED client=D topic=q2r_right_hand_twist type=geometry_msgs/Twist
QUEST_TCP_SENT client=D sequence=1 linear_x=0.770 angular_z=0.000
QUEST_TCP_SENT client=D sequence=2 linear_x=0.770 angular_z=0.000
QUEST_TCP_SENT client=D sequence=3 linear_x=0.770 angular_z=0.000
QUEST_TCP_CLOSED client=D mode=normal

[receiver values]
RECEIVED linear_x=0.330 angular_z=0.000 publisher_count=1 publishers=_NODE_NAMESPACE_UNKNOWN_/_NODE_NAME_UNKNOWN_@unknown#9714ff5760d8c20e8e966efb000004030000000000000000
RECEIVED linear_x=0.330 angular_z=0.000 publisher_count=1 publishers=/direct_publisher@/authorized#9714ff5760d8c20e8e966efb000004030000000000000000
RECEIVED linear_x=0.330 angular_z=0.000 publisher_count=1 publishers=/direct_publisher@/authorized#9714ff5760d8c20e8e966efb000004030000000000000000
RECEIVED linear_x=0.330 angular_z=0.000 publisher_count=1 publishers=/direct_publisher@/authorized#9714ff5760d8c20e8e966efb000004030000000000000000
RECEIVED linear_x=0.440 angular_z=0.000 publisher_count=1 publishers=/q2r_right_hand_twist_RosPublisher@/trusted_quest_bridge#d14bceb8daa86d4ca4bada6300001f030000000000000000
RECEIVED linear_x=0.550 angular_z=0.000 publisher_count=1 publishers=/q2r_right_hand_twist_RosPublisher@/trusted_quest_bridge#d14bceb8daa86d4ca4bada6300001f030000000000000000
RECEIVED linear_x=0.550 angular_z=0.000 publisher_count=1 publishers=/q2r_right_hand_twist_RosPublisher@/trusted_quest_bridge#d14bceb8daa86d4ca4bada6300001f030000000000000000
RECEIVED linear_x=0.440 angular_z=0.000 publisher_count=1 publishers=/q2r_right_hand_twist_RosPublisher@/trusted_quest_bridge#d14bceb8daa86d4ca4bada6300001f030000000000000000
RECEIVED linear_x=0.550 angular_z=0.000 publisher_count=1 publishers=/q2r_right_hand_twist_RosPublisher@/trusted_quest_bridge#d14bceb8daa86d4ca4bada6300001f030000000000000000
RECEIVED linear_x=0.440 angular_z=0.000 publisher_count=1 publishers=/q2r_right_hand_twist_RosPublisher@/trusted_quest_bridge#d14bceb8daa86d4ca4bada6300001f030000000000000000
RECEIVED linear_x=0.550 angular_z=0.000 publisher_count=1 publishers=/q2r_right_hand_twist_RosPublisher@/trusted_quest_bridge#d14bceb8daa86d4ca4bada6300001f030000000000000000
RECEIVED linear_x=0.440 angular_z=0.000 publisher_count=1 publishers=/q2r_right_hand_twist_RosPublisher@/trusted_quest_bridge#d14bceb8daa86d4ca4bada6300001f030000000000000000
RECEIVED linear_x=0.440 angular_z=0.000 publisher_count=1 publishers=/q2r_right_hand_twist_RosPublisher@/trusted_quest_bridge#d14bceb8daa86d4ca4bada6300001f030000000000000000
RECEIVED linear_x=0.440 angular_z=0.000 publisher_count=1 publishers=/q2r_right_hand_twist_RosPublisher@/trusted_quest_bridge#d14bceb8daa86d4ca4bada6300001f030000000000000000
RECEIVED linear_x=0.440 angular_z=0.000 publisher_count=1 publishers=/q2r_right_hand_twist_RosPublisher@/trusted_quest_bridge#d14bceb8daa86d4ca4bada6300001f030000000000000000
RECEIVED linear_x=0.440 angular_z=0.000 publisher_count=1 publishers=/q2r_right_hand_twist_RosPublisher@/trusted_quest_bridge#d14bceb8daa86d4ca4bada6300001f030000000000000000
RECEIVED linear_x=0.440 angular_z=0.000 publisher_count=1 publishers=/q2r_right_hand_twist_RosPublisher@/trusted_quest_bridge#d14bceb8daa86d4ca4bada6300001f030000000000000000
RECEIVED linear_x=0.440 angular_z=0.000 publisher_count=1 publishers=/q2r_right_hand_twist_RosPublisher@/trusted_quest_bridge#d14bceb8daa86d4ca4bada6300001f030000000000000000
RECEIVED linear_x=0.440 angular_z=0.000 publisher_count=1 publishers=/q2r_right_hand_twist_RosPublisher@/trusted_quest_bridge#d14bceb8daa86d4ca4bada6300001f030000000000000000
RECEIVED linear_x=0.440 angular_z=0.000 publisher_count=1 publishers=/q2r_right_hand_twist_RosPublisher@/trusted_quest_bridge#d14bceb8daa86d4ca4bada6300001f030000000000000000
RECEIVED linear_x=0.440 angular_z=0.000 publisher_count=1 publishers=/q2r_right_hand_twist_RosPublisher@/trusted_quest_bridge#d14bceb8daa86d4ca4bada6300001f030000000000000000
RECEIVED linear_x=0.440 angular_z=0.000 publisher_count=1 publishers=/q2r_right_hand_twist_RosPublisher@/trusted_quest_bridge#d14bceb8daa86d4ca4bada6300001f030000000000000000
RECEIVED linear_x=0.440 angular_z=0.000 publisher_count=1 publishers=/q2r_right_hand_twist_RosPublisher@/trusted_quest_bridge#d14bceb8daa86d4ca4bada6300001f030000000000000000
RECEIVED linear_x=0.440 angular_z=0.000 publisher_count=1 publishers=/q2r_right_hand_twist_RosPublisher@/trusted_quest_bridge#d14bceb8daa86d4ca4bada6300001f030000000000000000
RECEIVED linear_x=0.440 angular_z=0.000 publisher_count=1 publishers=/q2r_right_hand_twist_RosPublisher@/trusted_quest_bridge#d14bceb8daa86d4ca4bada6300001f030000000000000000
RECEIVED linear_x=0.440 angular_z=0.000 publisher_count=1 publishers=/q2r_right_hand_twist_RosPublisher@/trusted_quest_bridge#d14bceb8daa86d4ca4bada6300001f030000000000000000
RECEIVED linear_x=0.440 angular_z=0.000 publisher_count=1 publishers=/q2r_right_hand_twist_RosPublisher@/trusted_quest_bridge#d14bceb8daa86d4ca4bada6300001f030000000000000000
RECEIVED linear_x=0.440 angular_z=0.000 publisher_count=1 publishers=/q2r_right_hand_twist_RosPublisher@/trusted_quest_bridge#d14bceb8daa86d4ca4bada6300001f030000000000000000
RECEIVED linear_x=0.440 angular_z=0.000 publisher_count=1 publishers=/q2r_right_hand_twist_RosPublisher@/trusted_quest_bridge#d14bceb8daa86d4ca4bada6300001f030000000000000000
RECEIVED linear_x=0.440 angular_z=0.000 publisher_count=1 publishers=/q2r_right_hand_twist_RosPublisher@/trusted_quest_bridge#d14bceb8daa86d4ca4bada6300001f030000000000000000
RECEIVED linear_x=0.440 angular_z=0.000 publisher_count=1 publishers=/q2r_right_hand_twist_RosPublisher@/trusted_quest_bridge#d14bceb8daa86d4ca4bada6300001f030000000000000000
RECEIVED linear_x=0.440 angular_z=0.000 publisher_count=1 publishers=/q2r_right_hand_twist_RosPublisher@/trusted_quest_bridge#d14bceb8daa86d4ca4bada6300001f030000000000000000
RECEIVED linear_x=0.660 angular_z=0.000 publisher_count=1 publishers=/q2r_right_hand_twist_RosPublisher@/trusted_quest_bridge#d14bceb8daa86d4ca4bada6300001f030000000000000000
RECEIVED linear_x=0.660 angular_z=0.000 publisher_count=1 publishers=/q2r_right_hand_twist_RosPublisher@/trusted_quest_bridge#d14bceb8daa86d4ca4bada6300001f030000000000000000
RECEIVED linear_x=0.660 angular_z=0.000 publisher_count=1 publishers=/q2r_right_hand_twist_RosPublisher@/trusted_quest_bridge#d14bceb8daa86d4ca4bada6300001f030000000000000000
RECEIVED linear_x=0.770 angular_z=0.000 publisher_count=1 publishers=_NODE_NAMESPACE_UNKNOWN_/_NODE_NAME_UNKNOWN_@unknown#d14bceb8daa86d4ca4bada6300002d030000000000000000
RECEIVED linear_x=0.770 angular_z=0.000 publisher_count=1 publishers=_NODE_NAMESPACE_UNKNOWN_/_NODE_NAME_UNKNOWN_@unknown#d14bceb8daa86d4ca4bada6300002d030000000000000000
RECEIVED linear_x=0.770 angular_z=0.000 publisher_count=1 publishers=_NODE_NAMESPACE_UNKNOWN_/_NODE_NAME_UNKNOWN_@unknown#d14bceb8daa86d4ca4bada6300002d030000000000000000

[identity summary]
A_B_shared_gid=d14bceb8daa86d4ca4bada6300001f030000000000000000
reregistered_gid=d14bceb8daa86d4ca4bada6300002d030000000000000000
external_ros_nodes=0
publisher_persists_after_all_clients=true
[PASS] Endpoint 종료 후 동적 ROS publisher 정리
