{"wall": 1791011139.3186872, "seq": "1", "attempt": "M01_A1_INACT_CACHE_r1", "invalid": []}
{"wall": 1791011191.0164611, "seq": "2", "attempt": "M02_A2_INACT_CACHE_r1", "invalid": []}
{"wall": 1791011248.285443, "seq": "3", "attempt": "M03_A3_INACT_CACHE_r1", "invalid": []}
{"wall": 1791011305.2419403, "seq": "4", "attempt": "M04_A0_INACT_CACHE_r1", "invalid": []}
{"wall": 1791011358.7398975, "seq": "5", "attempt": "M05_A2_SRC_STALL_r1", "invalid": []}
{"wall": 1791011415.0773382, "seq": "6", "attempt": "M06_A3_SRC_STALL_r1", "invalid": []}
{"wall": 1791011468.8660934, "seq": "7", "attempt": "M07_A0_SRC_STALL_r1", "invalid": []}
{"wall": 1791011522.4674728, "seq": "8", "attempt": "M08_A1_SRC_STALL_r1", "invalid": []}
{"wall": 1791011581.2870026, "seq": "9", "attempt": "M09_A3_DELAY_r1", "invalid": []}
{"wall": 1791011640.6698918, "seq": "10", "attempt": "M10_A0_DELAY_r1", "invalid": []}
{"wall": 1791011697.1129153, "seq": "11", "attempt": "M11_A1_DELAY_r1", "invalid": []}
{"wall": 1791011751.5822763, "seq": "12", "attempt": "M12_A2_DELAY_r1", "invalid": []}
{"wall": 1791011806.9239469, "seq": "13", "attempt": "M13_A0_CACHE_r1", "invalid": []}
{"wall": 1791011864.228975, "seq": "14", "attempt": "M14_A1_CACHE_r1", "invalid": []}
{"wall": 1791011921.3804798, "seq": "15", "attempt": "M15_A2_CACHE_r1", "invalid": []}
{"wall": 1791011977.4159956, "seq": "16", "attempt": "M16_A3_CACHE_r1", "invalid": []}
{"wall": 1791012031.546992, "seq": "17", "attempt": "M17_A2_N_STILL_r1", "invalid": []}
{"wall": 1791012091.077911, "seq": "18", "attempt": "M18_A3_N_STILL_r1", "invalid": []}
{"wall": 1791012147.5323234, "seq": "19", "attempt": "M19_A0_N_STILL_r1", "invalid": []}
{"wall": 1791012205.2989597, "seq": "20", "attempt": "M20_A1_N_STILL_r1", "invalid": []}
{"wall": 1791012259.4225588, "seq": "21", "attempt": "M21_A1_N_MOVE_r1", "invalid": []}
{"wall": 1791012315.9324641, "seq": "22", "attempt": "M22_A2_N_MOVE_r1", "invalid": []}
{"wall": 1791012373.2970011, "seq": "23", "attempt": "M23_A3_N_MOVE_r1", "invalid": []}
{"wall": 1791012429.654804, "seq": "24", "attempt": "M24_A0_N_MOVE_r1", "invalid": []}
{"wall": 1791012486.0835927, "seq": "25", "attempt": "M25_A1_CACHE_r2", "invalid": []}
{"wall": 1791012542.6441853, "seq": "26", "attempt": "M26_A2_CACHE_r2", "invalid": []}
{"wall": 1791012599.1517951, "seq": "27", "attempt": "M27_A3_CACHE_r2", "invalid": []}
{"wall": 1791012651.5561593, "seq": "28", "attempt": "M28_A0_CACHE_r2", "invalid": []}
{"wall": 1791012709.0230997, "seq": "29", "attempt": "M29_A3_SRC_STALL_r2", "invalid": []}
{"wall": 1791012766.0299375, "seq": "30", "attempt": "M30_A0_SRC_STALL_r2", "invalid": []}
{"wall": 1791012822.5085282, "seq": "31", "attempt": "M31_A1_SRC_STALL_r2", "invalid": []}
{"wall": 1791012876.8889587, "seq": "32", "attempt": "M32_A2_SRC_STALL_r2", "invalid": []}
{"wall": 1791012930.0157976, "seq": "33", "attempt": "M33_A2_N_MOVE_r2", "invalid": []}
{"wall": 1791012986.3926685, "seq": "34", "attempt": "M34_A3_N_MOVE_r2", "invalid": []}
{"wall": 1791013041.1558871, "seq": "35", "attempt": "M35_A0_N_MOVE_r2", "invalid": []}
{"wall": 1791013099.166734, "seq": "36", "attempt": "M36_A1_N_MOVE_r2", "invalid": []}
{"wall": 1791013155.6080055, "seq": "37", "attempt": "M37_A0_DELAY_r2", "invalid": []}
{"wall": 1791013212.02372, "seq": "38", "attempt": "M38_A1_DELAY_r2", "invalid": []}
{"wall": 1791013268.3786154, "seq": "39", "attempt": "M39_A2_DELAY_r2", "invalid": []}
{"wall": 1791013327.8566017, "seq": "40", "attempt": "M40_A3_DELAY_r2", "invalid": []}
{"wall": 1791013380.2601655, "seq": "41", "attempt": "M41_A3_N_STILL_r2", "invalid": []}
{"wall": 1791013434.7487125, "seq": "42", "attempt": "M42_A0_N_STILL_r2", "invalid": []}
{"wall": 1791013489.648556, "seq": "43", "attempt": "M43_A1_N_STILL_r2", "invalid": []}
{"wall": 1791013546.7866883, "seq": "44", "attempt": "M44_A2_N_STILL_r2", "invalid": []}
{"wall": 1791013609.1748524, "seq": "45", "attempt": "M45_A2_INACT_CACHE_r2", "invalid": []}
{"wall": 1791013662.5854747, "seq": "46", "attempt": "M46_A3_INACT_CACHE_r2", "invalid": []}
{"wall": 1791013716.8414207, "seq": "47", "attempt": "M47_A0_INACT_CACHE_r2", "invalid": []}
{"wall": 1791013770.9878926, "seq": "48", "attempt": "M48_A1_INACT_CACHE_r2", "invalid": []}
{"wall": 1791013830.3820207, "seq": "49", "attempt": "M49_A2_CACHE_r3", "invalid": []}
{"wall": 1791013887.7097661, "seq": "50", "attempt": "M50_A3_CACHE_r3", "invalid": []}
{"wall": 1791013947.24409, "seq": "51", "attempt": "M51_A0_CACHE_r3", "invalid": []}
{"wall": 1791014003.8989415, "seq": "52", "attempt": "M52_A1_CACHE_r3", "invalid": []}
{"wall": 1791014059.4437487, "seq": "53", "attempt": "M53_A3_INACT_CACHE_r3", "invalid": []}
{"wall": 1791014116.3140182, "seq": "54", "attempt": "M54_A0_INACT_CACHE_r3", "invalid": []}
{"wall": 1791014172.6912737, "seq": "55", "attempt": "M55_A1_INACT_CACHE_r3", "invalid": []}
{"wall": 1791014231.1300094, "seq": "56", "attempt": "M56_A2_INACT_CACHE_r3", "invalid": []}
{"wall": 1791014288.1208746, "seq": "57", "attempt": "M57_A0_N_STILL_r3", "invalid": []}
{"wall": 1791014341.9062376, "seq": "58", "attempt": "M58_A1_N_STILL_r3", "invalid": []}
{"wall": 1791014397.9983385, "seq": "59", "attempt": "M59_A2_N_STILL_r3", "invalid": []}
{"wall": 1791014454.2650876, "seq": "60", "attempt": "M60_A3_N_STILL_r3", "invalid": []}
{"wall": 1791014507.8306234, "seq": "61", "attempt": "M61_A0_SRC_STALL_r3", "invalid": []}
{"wall": 1791014566.2856007, "seq": "62", "attempt": "M62_A1_SRC_STALL_r3", "invalid": []}
{"wall": 1791014620.5224702, "seq": "63", "attempt": "M63_A2_SRC_STALL_r3", "invalid": []}
{"wall": 1791014674.6128328, "seq": "64", "attempt": "M64_A3_SRC_STALL_r3", "invalid": []}
{"wall": 1791014731.8568377, "seq": "65", "attempt": "M65_A1_DELAY_r3", "invalid": []}
{"wall": 1791014788.6811972, "seq": "66", "attempt": "M66_A2_DELAY_r3", "invalid": []}
{"wall": 1791014845.4938993, "seq": "67", "attempt": "M67_A3_DELAY_r3", "invalid": []}
{"wall": 1791014905.0070376, "seq": "68", "attempt": "M68_A0_DELAY_r3", "invalid": []}
{"wall": 1791014962.2321582, "seq": "69", "attempt": "M69_A3_N_MOVE_r3", "invalid": []}
{"wall": 1791015019.2045443, "seq": "70", "attempt": "M70_A0_N_MOVE_r3", "invalid": []}
{"wall": 1791015076.427038, "seq": "71", "attempt": "M71_A1_N_MOVE_r3", "invalid": []}
{"wall": 1791015132.5737293, "seq": "72", "attempt": "M72_A2_N_MOVE_r3", "invalid": []}
