{"wall": 1791050035.1216738, "seq": "1", "attempt": "F01_L_DYN_DELAY_r1", "invalid": [], "snapshot": "0e73ba2ac877a54ea59ee30ba9e9e2975ae5f063"}
{"wall": 1791050090.6068804, "seq": "2", "attempt": "F02_S_DYN_DELAY_r1", "invalid": [], "snapshot": "0e73ba2ac877a54ea59ee30ba9e9e2975ae5f063"}
{"wall": 1791050150.80127, "seq": "3", "attempt": "F03_R_DYN_DELAY_r1", "invalid": [], "snapshot": "0e73ba2ac877a54ea59ee30ba9e9e2975ae5f063"}
{"wall": 1791050207.230643, "seq": "4", "attempt": "F04_S_STATIC_r1", "invalid": [], "snapshot": "0e73ba2ac877a54ea59ee30ba9e9e2975ae5f063"}
{"wall": 1791050263.779303, "seq": "5", "attempt": "F05_R_STATIC_r1", "invalid": [], "snapshot": "0e73ba2ac877a54ea59ee30ba9e9e2975ae5f063"}
{"wall": 1791050317.1631734, "seq": "6", "attempt": "F06_L_STATIC_r1", "invalid": [], "snapshot": "0e73ba2ac877a54ea59ee30ba9e9e2975ae5f063"}
{"wall": 1791050376.4679632, "seq": "7", "attempt": "F07_R_DYN_r1", "invalid": [], "snapshot": "0e73ba2ac877a54ea59ee30ba9e9e2975ae5f063"}
{"wall": 1791050434.4646053, "seq": "8", "attempt": "F08_L_DYN_r1", "invalid": [], "snapshot": "0e73ba2ac877a54ea59ee30ba9e9e2975ae5f063"}
{"wall": 1791050493.8903406, "seq": "9", "attempt": "F09_S_DYN_r1", "invalid": [], "snapshot": "0e73ba2ac877a54ea59ee30ba9e9e2975ae5f063"}
{"wall": 1791050553.5879474, "seq": "10", "attempt": "F10_S_DYN_RESTAMP_r1", "invalid": [], "snapshot": "0e73ba2ac877a54ea59ee30ba9e9e2975ae5f063"}
{"wall": 1791050611.8642957, "seq": "11", "attempt": "F11_R_DYN_RESTAMP_r1", "invalid": [], "snapshot": "0e73ba2ac877a54ea59ee30ba9e9e2975ae5f063"}
{"wall": 1791050668.181059, "seq": "12", "attempt": "F12_L_DYN_RESTAMP_r1", "invalid": [], "snapshot": "0e73ba2ac877a54ea59ee30ba9e9e2975ae5f063"}
{"wall": 1791050721.9899945, "seq": "13", "attempt": "F13_L_DYN_r2", "invalid": [], "snapshot": "0e73ba2ac877a54ea59ee30ba9e9e2975ae5f063"}
{"wall": 1791050784.6840043, "seq": "14", "attempt": "F14_S_DYN_r2", "invalid": [], "snapshot": "0e73ba2ac877a54ea59ee30ba9e9e2975ae5f063"}
{"wall": 1791050841.961596, "seq": "15", "attempt": "F15_R_DYN_r2", "invalid": [], "snapshot": "0e73ba2ac877a54ea59ee30ba9e9e2975ae5f063"}
{"wall": 1791050896.0171158, "seq": "16", "attempt": "F16_R_DYN_RESTAMP_r2", "invalid": [], "snapshot": "0e73ba2ac877a54ea59ee30ba9e9e2975ae5f063"}
{"wall": 1791050952.4657037, "seq": "17", "attempt": "F17_L_DYN_RESTAMP_r2", "invalid": [], "snapshot": "0e73ba2ac877a54ea59ee30ba9e9e2975ae5f063"}
{"wall": 1791051012.6999202, "seq": "18", "attempt": "F18_S_DYN_RESTAMP_r2", "invalid": [], "snapshot": "0e73ba2ac877a54ea59ee30ba9e9e2975ae5f063"}
{"wall": 1791051072.785112, "seq": "19", "attempt": "F19_R_STATIC_r2", "invalid": [], "snapshot": "0e73ba2ac877a54ea59ee30ba9e9e2975ae5f063"}
{"wall": 1791051129.232675, "seq": "20", "attempt": "F20_L_STATIC_r2", "invalid": [], "snapshot": "0e73ba2ac877a54ea59ee30ba9e9e2975ae5f063"}
{"wall": 1791051185.4171817, "seq": "21", "attempt": "F21_S_STATIC_r2", "invalid": [], "snapshot": "0e73ba2ac877a54ea59ee30ba9e9e2975ae5f063"}
{"wall": 1791051246.8453658, "seq": "22", "attempt": "F22_S_DYN_DELAY_r2", "invalid": [], "snapshot": "0e73ba2ac877a54ea59ee30ba9e9e2975ae5f063"}
{"wall": 1791051301.095929, "seq": "23", "attempt": "F23_R_DYN_DELAY_r2", "invalid": [], "snapshot": "0e73ba2ac877a54ea59ee30ba9e9e2975ae5f063"}
{"wall": 1791051360.8783069, "seq": "24", "attempt": "F24_L_DYN_DELAY_r2", "invalid": [], "snapshot": "0e73ba2ac877a54ea59ee30ba9e9e2975ae5f063"}
{"wall": 1791051417.5475507, "seq": "25", "attempt": "F25_L_STATIC_r3", "invalid": [], "snapshot": "0e73ba2ac877a54ea59ee30ba9e9e2975ae5f063"}
{"wall": 1791051470.241802, "seq": "26", "attempt": "F26_S_STATIC_r3", "invalid": [], "snapshot": "0e73ba2ac877a54ea59ee30ba9e9e2975ae5f063"}
{"wall": 1791051527.4855072, "seq": "27", "attempt": "F27_R_STATIC_r3", "invalid": [], "snapshot": "0e73ba2ac877a54ea59ee30ba9e9e2975ae5f063"}
{"wall": 1791051586.9501486, "seq": "28", "attempt": "F28_L_DYN_RESTAMP_r3", "invalid": [], "snapshot": "0e73ba2ac877a54ea59ee30ba9e9e2975ae5f063"}
{"wall": 1791051644.2738104, "seq": "29", "attempt": "F29_S_DYN_RESTAMP_r3", "invalid": [], "snapshot": "0e73ba2ac877a54ea59ee30ba9e9e2975ae5f063"}
{"wall": 1791051703.6622415, "seq": "30", "attempt": "F30_R_DYN_RESTAMP_r3", "invalid": [], "snapshot": "0e73ba2ac877a54ea59ee30ba9e9e2975ae5f063"}
{"wall": 1791051760.050563, "seq": "31", "attempt": "F31_S_DYN_r3", "invalid": [], "snapshot": "0e73ba2ac877a54ea59ee30ba9e9e2975ae5f063"}
{"wall": 1791051813.2154071, "seq": "32", "attempt": "F32_R_DYN_r3", "invalid": [], "snapshot": "0e73ba2ac877a54ea59ee30ba9e9e2975ae5f063"}
{"wall": 1791051867.3088496, "seq": "33", "attempt": "F33_L_DYN_r3", "invalid": [], "snapshot": "0e73ba2ac877a54ea59ee30ba9e9e2975ae5f063"}
{"wall": 1791051923.7110786, "seq": "34", "attempt": "F34_R_DYN_DELAY_r3", "invalid": [], "snapshot": "0e73ba2ac877a54ea59ee30ba9e9e2975ae5f063"}
{"wall": 1791051982.4974265, "seq": "35", "attempt": "F35_L_DYN_DELAY_r3", "invalid": [], "snapshot": "0e73ba2ac877a54ea59ee30ba9e9e2975ae5f063"}
{"wall": 1791052041.8718998, "seq": "36", "attempt": "F36_S_DYN_DELAY_r3", "invalid": [], "snapshot": "0e73ba2ac877a54ea59ee30ba9e9e2975ae5f063"}
