{"wall": 1790950536.26144, "seq": "1", "attempt": "T01_B0_I1_r1", "rc": 0, "invalid": ["joint_state_gap"]}
{"wall": 1790950593.815831, "seq": "1", "attempt": "T01_B0_I1_r1_rerun1", "rc": 0, "invalid": []}
{"wall": 1790950647.90755, "seq": "2", "attempt": "T02_B1_I1_r1", "rc": 0, "invalid": []}
{"wall": 1790950705.1314545, "seq": "3", "attempt": "T03_C1_I1_r1", "rc": 0, "invalid": []}
{"wall": 1790950761.583797, "seq": "4", "attempt": "T04_C1_N1_r1", "rc": 0, "invalid": []}
{"wall": 1790950820.0968704, "seq": "5", "attempt": "T05_B0_N1_r1", "rc": 0, "invalid": []}
{"wall": 1790950873.148766, "seq": "6", "attempt": "T06_B1_N1_r1", "rc": 0, "invalid": []}
{"wall": 1790950930.4888766, "seq": "7", "attempt": "T07_C1_I3_r1", "rc": 0, "invalid": []}
{"wall": 1790950987.4066744, "seq": "8", "attempt": "T08_B0_I3_r1", "rc": 0, "invalid": []}
{"wall": 1790951041.4653404, "seq": "9", "attempt": "T09_B1_I3_r1", "rc": 0, "invalid": []}
{"wall": 1790951101.3520408, "seq": "10", "attempt": "T10_B1_N0_r1", "rc": 0, "invalid": []}
{"wall": 1790951161.117677, "seq": "11", "attempt": "T11_C1_N0_r1", "rc": 0, "invalid": []}
{"wall": 1790951217.715021, "seq": "12", "attempt": "T12_B0_N0_r1", "rc": 0, "invalid": []}
{"wall": 1790951276.546975, "seq": "13", "attempt": "T13_B1_I2_r1", "rc": 0, "invalid": []}
{"wall": 1790951336.0139866, "seq": "14", "attempt": "T14_C1_I2_r1", "rc": 0, "invalid": []}
{"wall": 1790951394.7320094, "seq": "15", "attempt": "T15_B0_I2_r1", "rc": 0, "invalid": []}
{"wall": 1790951450.5621245, "seq": "16", "attempt": "T16_B0_N1_r2", "rc": 0, "invalid": []}
{"wall": 1790951509.9226875, "seq": "17", "attempt": "T17_B1_N1_r2", "rc": 0, "invalid": []}
{"wall": 1790951569.5443523, "seq": "18", "attempt": "T18_C1_N1_r2", "rc": 0, "invalid": []}
{"wall": 1790951622.9259162, "seq": "19", "attempt": "T19_B0_I3_r2", "rc": 0, "invalid": []}
{"wall": 1790951679.2978437, "seq": "20", "attempt": "T20_B1_I3_r2", "rc": 0, "invalid": []}
{"wall": 1790951738.6612797, "seq": "21", "attempt": "T21_C1_I3_r2", "rc": 0, "invalid": []}
{"wall": 1790951798.0938742, "seq": "22", "attempt": "T22_C1_N0_r2", "rc": 0, "invalid": []}
{"wall": 1790951851.555697, "seq": "23", "attempt": "T23_B0_N0_r2", "rc": 0, "invalid": []}
{"wall": 1790951907.7937155, "seq": "24", "attempt": "T24_B1_N0_r2", "rc": 0, "invalid": []}
{"wall": 1790951970.2979116, "seq": "25", "attempt": "T25_B1_I1_r2", "rc": 0, "invalid": []}
{"wall": 1790952029.680206, "seq": "26", "attempt": "T26_C1_I1_r2", "rc": 0, "invalid": []}
{"wall": 1790952083.0666258, "seq": "27", "attempt": "T27_B0_I1_r2", "rc": 0, "invalid": []}
{"wall": 1790952142.4054415, "seq": "28", "attempt": "T28_C1_I2_r2", "rc": 0, "invalid": []}
{"wall": 1790952200.4168417, "seq": "29", "attempt": "T29_B0_I2_r2", "rc": 0, "invalid": []}
{"wall": 1790952260.6908987, "seq": "30", "attempt": "T30_B1_I2_r2", "rc": 0, "invalid": []}
{"wall": 1790952316.8910506, "seq": "31", "attempt": "T31_B0_I2_r3", "rc": 0, "invalid": []}
{"wall": 1790952372.998681, "seq": "32", "attempt": "T32_B1_I2_r3", "rc": 0, "invalid": []}
{"wall": 1790952432.1694114, "seq": "33", "attempt": "T33_C1_I2_r3", "rc": 0, "invalid": []}
{"wall": 1790952485.1785574, "seq": "34", "attempt": "T34_B1_N1_r3", "rc": 0, "invalid": []}
{"wall": 1790952550.5896902, "seq": "35", "attempt": "T35_C1_N1_r3", "rc": 0, "invalid": []}
{"wall": 1790952606.9950225, "seq": "36", "attempt": "T36_B0_N1_r3", "rc": 0, "invalid": []}
{"wall": 1790952662.1847668, "seq": "37", "attempt": "T37_C1_I1_r3", "rc": 0, "invalid": []}
{"wall": 1790952719.3547778, "seq": "38", "attempt": "T38_B0_I1_r3", "rc": 0, "invalid": []}
{"wall": 1790952771.7022784, "seq": "39", "attempt": "T39_B1_I1_r3", "rc": 0, "invalid": []}
{"wall": 1790952831.3942804, "seq": "40", "attempt": "T40_B1_I3_r3", "rc": 0, "invalid": []}
{"wall": 1790952887.825008, "seq": "41", "attempt": "T41_C1_I3_r3", "rc": 0, "invalid": []}
{"wall": 1790952947.136794, "seq": "42", "attempt": "T42_B0_I3_r3", "rc": 0, "invalid": []}
{"wall": 1790953006.4651601, "seq": "43", "attempt": "T43_B0_N0_r3", "rc": 0, "invalid": []}
{"wall": 1790953062.8077593, "seq": "44", "attempt": "T44_B1_N0_r3", "rc": 0, "invalid": []}
{"wall": 1790953119.180113, "seq": "45", "attempt": "T45_C1_N0_r3", "rc": 0, "invalid": []}
