T01_B0_I1_r1 B0 I1 rc 0 53.8
T01_B0_I1_r1_rerun1 B0 I1 rc 0 57.1
T02_B1_I1_r1 B1 I1 rc 0 53.7
T03_C1_I1_r1 C1 I1 rc 0 56.8
T04_C1_N1_r1 C1 N1 rc 0 56.0
T05_B0_N1_r1 B0 N1 rc 0 58.1
T06_B1_N1_r1 B1 N1 rc 0 52.6
T07_C1_I3_r1 C1 I3 rc 0 56.9
T08_B0_I3_r1 B0 I3 rc 0 56.5
T09_B1_I3_r1 B1 I3 rc 0 53.6
T10_B1_N0_r1 B1 N0 rc 0 59.4
T11_C1_N0_r1 C1 N0 rc 0 59.3
T12_B0_N0_r1 B0 N0 rc 0 56.2
T13_B1_I2_r1 B1 I2 rc 0 58.4
T14_C1_I2_r1 C1 I2 rc 0 59.0
T15_B0_I2_r1 B0 I2 rc 0 58.3
T16_B0_N1_r2 B0 N1 rc 0 55.4
T17_B1_N1_r2 B1 N1 rc 0 58.9
T18_C1_N1_r2 C1 N1 rc 0 59.2
T19_B0_I3_r2 B0 I3 rc 0 52.9
T20_B1_I3_r2 B1 I3 rc 0 55.9
T21_C1_I3_r2 C1 I3 rc 0 58.9
T22_C1_N0_r2 C1 N0 rc 0 59.0
T23_B0_N0_r2 B0 N0 rc 0 53.0
T24_B1_N0_r2 B1 N0 rc 0 55.8
T25_B1_I1_r2 B1 I1 rc 0 62.1
T26_C1_I1_r2 C1 I1 rc 0 58.9
T27_B0_I1_r2 B0 I1 rc 0 52.9
T28_C1_I2_r2 C1 I2 rc 0 58.9
T29_B0_I2_r2 B0 I2 rc 0 57.6
T30_B1_I2_r2 B1 I2 rc 0 59.8
T31_B0_I2_r3 B0 I2 rc 0 55.8
T32_B1_I2_r3 B1 I2 rc 0 55.7
T33_C1_I2_r3 C1 I2 rc 0 58.7
T34_B1_N1_r3 B1 N1 rc 0 52.6
T35_C1_N1_r3 C1 N1 rc 0 65.0
T36_B0_N1_r3 B0 N1 rc 0 56.0
T37_C1_I1_r3 C1 I1 rc 0 54.7
T38_B0_I1_r3 B0 I1 rc 0 56.7
T39_B1_I1_r3 B1 I1 rc 0 51.9
T40_B1_I3_r3 B1 I3 rc 0 59.3
T41_C1_I3_r3 C1 I3 rc 0 56.0
T42_B0_I3_r3 B0 I3 rc 0 58.9
T43_B0_N0_r3 B0 N0 rc 0 58.9
T44_B1_N0_r3 B1 N0 rc 0 55.9
T45_C1_N0_r3 C1 N0 rc 0 55.9
