{"wall": 1791069676.8194475, "seq": "1", "attempt": "D01_TV_WRONG_MAP_r1", "invalid": [], "snapshot": "ce74cfe45a61c4ad645f746762c16f8accbc6b65"}
{"wall": 1791069690.017327, "seq": "2", "attempt": "D02_TV_REWRITE_STALE_r1", "invalid": [], "snapshot": "ce74cfe45a61c4ad645f746762c16f8accbc6b65"}
{"wall": 1791069703.187204, "seq": "3", "attempt": "D03_AP_FAKE_TARGET_r1", "invalid": [], "snapshot": "ce74cfe45a61c4ad645f746762c16f8accbc6b65"}
{"wall": 1791069716.3772514, "seq": "4", "attempt": "D04_AP_REWRITE_STALE_r1", "invalid": [], "snapshot": "ce74cfe45a61c4ad645f746762c16f8accbc6b65"}
{"wall": 1791069729.5405364, "seq": "5", "attempt": "D05_AP_NORMAL_r1", "invalid": [], "snapshot": "ce74cfe45a61c4ad645f746762c16f8accbc6b65"}
{"wall": 1791069742.6925902, "seq": "6", "attempt": "D06_TV_FAKE_TARGET_r1", "invalid": [], "snapshot": "ce74cfe45a61c4ad645f746762c16f8accbc6b65"}
{"wall": 1791069755.8578503, "seq": "7", "attempt": "D07_AP_WRONG_MAP_r1", "invalid": [], "snapshot": "ce74cfe45a61c4ad645f746762c16f8accbc6b65"}
{"wall": 1791069769.0375733, "seq": "8", "attempt": "D08_TV_NORMAL_r1", "invalid": [], "snapshot": "ce74cfe45a61c4ad645f746762c16f8accbc6b65"}
{"wall": 1791069782.2175536, "seq": "9", "attempt": "D09_TV_FAKE_TARGET_r2", "invalid": [], "snapshot": "ce74cfe45a61c4ad645f746762c16f8accbc6b65"}
{"wall": 1791069795.382472, "seq": "10", "attempt": "D10_TV_NORMAL_r2", "invalid": [], "snapshot": "ce74cfe45a61c4ad645f746762c16f8accbc6b65"}
{"wall": 1791069808.5678027, "seq": "11", "attempt": "D11_AP_FAKE_TARGET_r2", "invalid": [], "snapshot": "ce74cfe45a61c4ad645f746762c16f8accbc6b65"}
{"wall": 1791069821.7481859, "seq": "12", "attempt": "D12_AP_WRONG_MAP_r2", "invalid": [], "snapshot": "ce74cfe45a61c4ad645f746762c16f8accbc6b65"}
{"wall": 1791069834.920511, "seq": "13", "attempt": "D13_TV_WRONG_MAP_r2", "invalid": [], "snapshot": "ce74cfe45a61c4ad645f746762c16f8accbc6b65"}
{"wall": 1791069848.0959923, "seq": "14", "attempt": "D14_TV_REWRITE_STALE_r2", "invalid": [], "snapshot": "ce74cfe45a61c4ad645f746762c16f8accbc6b65"}
{"wall": 1791069861.3122265, "seq": "15", "attempt": "D15_AP_REWRITE_STALE_r2", "invalid": [], "snapshot": "ce74cfe45a61c4ad645f746762c16f8accbc6b65"}
{"wall": 1791069874.4979568, "seq": "16", "attempt": "D16_AP_NORMAL_r2", "invalid": [], "snapshot": "ce74cfe45a61c4ad645f746762c16f8accbc6b65"}
{"wall": 1791069887.6821241, "seq": "17", "attempt": "D17_AP_FAKE_TARGET_r3", "invalid": [], "snapshot": "ce74cfe45a61c4ad645f746762c16f8accbc6b65"}
{"wall": 1791069900.8610792, "seq": "18", "attempt": "D18_TV_NORMAL_r3", "invalid": [], "snapshot": "ce74cfe45a61c4ad645f746762c16f8accbc6b65"}
{"wall": 1791069914.085523, "seq": "19", "attempt": "D19_TV_WRONG_MAP_r3", "invalid": [], "snapshot": "ce74cfe45a61c4ad645f746762c16f8accbc6b65"}
{"wall": 1791069927.2624018, "seq": "20", "attempt": "D20_AP_REWRITE_STALE_r3", "invalid": [], "snapshot": "ce74cfe45a61c4ad645f746762c16f8accbc6b65"}
{"wall": 1791069940.4560268, "seq": "21", "attempt": "D21_TV_REWRITE_STALE_r3", "invalid": [], "snapshot": "ce74cfe45a61c4ad645f746762c16f8accbc6b65"}
{"wall": 1791069953.672722, "seq": "22", "attempt": "D22_AP_WRONG_MAP_r3", "invalid": [], "snapshot": "ce74cfe45a61c4ad645f746762c16f8accbc6b65"}
{"wall": 1791069966.8832526, "seq": "23", "attempt": "D23_TV_FAKE_TARGET_r3", "invalid": [], "snapshot": "ce74cfe45a61c4ad645f746762c16f8accbc6b65"}
{"wall": 1791069980.0940275, "seq": "24", "attempt": "D24_AP_NORMAL_r3", "invalid": [], "snapshot": "ce74cfe45a61c4ad645f746762c16f8accbc6b65"}
