START 1 C1_RELEASE__PAUSE__r1
END 1 C1_RELEASE__PAUSE__r1 ok
START 2 C4S_RECENTER__EPOCH_A__r1
END 2 C4S_RECENTER__EPOCH_A__r1 ok
START 3 C2_DEACT_CACHED__B0__r1
END 3 C2_DEACT_CACHED__B0__r1 ok
START 4 C4L_RECENTER__EPOCH_G__r1
END 4 C4L_RECENTER__EPOCH_G__r1 ok
START 5 C0_NORMAL__B0__r1
END 5 C0_NORMAL__B0__r1 ok
START 6 C2_DEACT_CACHED__REARM_V__r1
END 6 C2_DEACT_CACHED__REARM_V__r1 ok
START 7 C4S_RECENTER__B0__r1
END 7 C4S_RECENTER__B0__r1 ok
START 8 C1_RELEASE__D_TO__r1
END 8 C1_RELEASE__D_TO__r1 ok
START 9 C1_RELEASE__B0__r1
END 9 C1_RELEASE__B0__r1 ok
START 10 C2_DEACT_CACHED__REARM_C__r1
END 10 C2_DEACT_CACHED__REARM_C__r1 ok
START 11 C4S_RECENTER__EPOCH_G__r1
END 11 C4S_RECENTER__EPOCH_G__r1 ok
START 12 C4S_RECENTER__JUMP__r1
END 12 C4S_RECENTER__JUMP__r1 ok
START 13 C3_TRACK_GLITCH__REARM_C__r1
END 13 C3_TRACK_GLITCH__REARM_C__r1 ok
START 14 C3_TRACK_GLITCH__REARM_V__r1
END 14 C3_TRACK_GLITCH__REARM_V__r1 ok
START 15 C4L_RECENTER__EPOCH_A__r1
END 15 C4L_RECENTER__EPOCH_A__r1 ok
START 16 C4L_RECENTER__JUMP__r1
END 16 C4L_RECENTER__JUMP__r1 ok
START 17 C4L_RECENTER__B0__r1
END 17 C4L_RECENTER__B0__r1 ok
START 18 C3_TRACK_GLITCH__B0__r1
END 18 C3_TRACK_GLITCH__B0__r1 ok
START 19 C4S_RECENTER__EPOCH_G__r2
END 19 C4S_RECENTER__EPOCH_G__r2 ok
START 20 C3_TRACK_GLITCH__REARM_V__r2
END 20 C3_TRACK_GLITCH__REARM_V__r2 ok
START 21 C1_RELEASE__D_TO__r2
END 21 C1_RELEASE__D_TO__r2 ok
START 22 C3_TRACK_GLITCH__B0__r2
END 22 C3_TRACK_GLITCH__B0__r2 ok
START 23 C4L_RECENTER__B0__r2
END 23 C4L_RECENTER__B0__r2 ok
START 24 C1_RELEASE__B0__r2
END 24 C1_RELEASE__B0__r2 ok
START 25 C0_NORMAL__B0__r2
END 25 C0_NORMAL__B0__r2 ok
START 26 C4S_RECENTER__EPOCH_A__r2
END 26 C4S_RECENTER__EPOCH_A__r2 ok
START 27 C4L_RECENTER__EPOCH_A__r2
END 27 C4L_RECENTER__EPOCH_A__r2 ok
START 28 C4S_RECENTER__JUMP__r2
END 28 C4S_RECENTER__JUMP__r2 ok
START 29 C4L_RECENTER__JUMP__r2
END 29 C4L_RECENTER__JUMP__r2 ok
START 30 C2_DEACT_CACHED__B0__r2
END 30 C2_DEACT_CACHED__B0__r2 ok
START 31 C3_TRACK_GLITCH__REARM_C__r2
END 31 C3_TRACK_GLITCH__REARM_C__r2 ok
START 32 C1_RELEASE__PAUSE__r2
END 32 C1_RELEASE__PAUSE__r2 ok
START 33 C2_DEACT_CACHED__REARM_V__r2
END 33 C2_DEACT_CACHED__REARM_V__r2 ok
START 34 C2_DEACT_CACHED__REARM_C__r2
END 34 C2_DEACT_CACHED__REARM_C__r2 ok
START 35 C4L_RECENTER__EPOCH_G__r2
END 35 C4L_RECENTER__EPOCH_G__r2 ok
START 36 C4S_RECENTER__B0__r2
END 36 C4S_RECENTER__B0__r2 ok
START 37 C1_RELEASE__D_TO__r3
END 37 C1_RELEASE__D_TO__r3 ok
START 38 C1_RELEASE__B0__r3
END 38 C1_RELEASE__B0__r3 ok
START 39 C4S_RECENTER__EPOCH_G__r3
END 39 C4S_RECENTER__EPOCH_G__r3 ok
START 40 C2_DEACT_CACHED__B0__r3
END 40 C2_DEACT_CACHED__B0__r3 ok
START 41 C1_RELEASE__PAUSE__r3
END 41 C1_RELEASE__PAUSE__r3 ok
START 42 C4L_RECENTER__EPOCH_G__r3
END 42 C4L_RECENTER__EPOCH_G__r3 ok
START 43 C4L_RECENTER__B0__r3
END 43 C4L_RECENTER__B0__r3 ok
START 44 C3_TRACK_GLITCH__REARM_C__r3
END 44 C3_TRACK_GLITCH__REARM_C__r3 ok
START 45 C4L_RECENTER__EPOCH_A__r3
END 45 C4L_RECENTER__EPOCH_A__r3 ok
START 46 C3_TRACK_GLITCH__B0__r3
END 46 C3_TRACK_GLITCH__B0__r3 ok
START 47 C0_NORMAL__B0__r3
END 47 C0_NORMAL__B0__r3 ok
START 48 C4L_RECENTER__JUMP__r3
END 48 C4L_RECENTER__JUMP__r3 ok
START 49 C3_TRACK_GLITCH__REARM_V__r3
END 49 C3_TRACK_GLITCH__REARM_V__r3 ok
START 50 C2_DEACT_CACHED__REARM_C__r3
END 50 C2_DEACT_CACHED__REARM_C__r3 ok
START 51 C4S_RECENTER__EPOCH_A__r3
END 51 C4S_RECENTER__EPOCH_A__r3 ok
START 52 C2_DEACT_CACHED__REARM_V__r3
END 52 C2_DEACT_CACHED__REARM_V__r3 ok
START 53 C4S_RECENTER__B0__r3
END 53 C4S_RECENTER__B0__r3 ok
START 54 C4S_RECENTER__JUMP__r3
END 54 C4S_RECENTER__JUMP__r3 ok
