START 1 C1_RELEASE__B0__r1
END 1 C1_RELEASE__B0__r1 ok
START 2 C2M_DEACT_CACHED_MOVING__B0__r1
END 2 C2M_DEACT_CACHED_MOVING__B0__r1 ok
START 3 C2M_DEACT_CACHED_MOVING__REARM_V__r1
END 3 C2M_DEACT_CACHED_MOVING__REARM_V__r1 ok
START 4 C1_RELEASE__HOLD__r1
END 4 C1_RELEASE__HOLD__r1 ok
START 5 C2M_DEACT_CACHED_MOVING__REARM_C__r1
END 5 C2M_DEACT_CACHED_MOVING__REARM_C__r1 ok
START 6 C1_RELEASE__PAUSE__r1
END 6 C1_RELEASE__PAUSE__r1 ok
START 7 C2M_DEACT_CACHED_MOVING__REARM_C__r2
END 7 C2M_DEACT_CACHED_MOVING__REARM_C__r2 ok
START 8 C2M_DEACT_CACHED_MOVING__REARM_V__r2
END 8 C2M_DEACT_CACHED_MOVING__REARM_V__r2 ok
START 9 C1_RELEASE__PAUSE__r2
END 9 C1_RELEASE__PAUSE__r2 ok
START 10 C1_RELEASE__HOLD__r2
END 10 C1_RELEASE__HOLD__r2 ok
START 11 C2M_DEACT_CACHED_MOVING__B0__r2
END 11 C2M_DEACT_CACHED_MOVING__B0__r2 ok
START 12 C1_RELEASE__B0__r2
END 12 C1_RELEASE__B0__r2 ok
START 13 C2M_DEACT_CACHED_MOVING__B0__r3
END 13 C2M_DEACT_CACHED_MOVING__B0__r3 ok
START 14 C1_RELEASE__PAUSE__r3
END 14 C1_RELEASE__PAUSE__r3 ok
START 15 C1_RELEASE__B0__r3
END 15 C1_RELEASE__B0__r3 ok
START 16 C1_RELEASE__HOLD__r3
END 16 C1_RELEASE__HOLD__r3 ok
START 17 C2M_DEACT_CACHED_MOVING__REARM_C__r3
END 17 C2M_DEACT_CACHED_MOVING__REARM_C__r3 ok
START 18 C2M_DEACT_CACHED_MOVING__REARM_V__r3
END 18 C2M_DEACT_CACHED_MOVING__REARM_V__r3 ok
