timestamp=2026-08-26T18:43:46+09:00
framework=HORUS ROS 2
revision=eca75cbf559f09ff793d8993338b2f1ffed1adfd
command_id=HORUS-A1-A6
expected=normal arbitration plus observation of fail-open/catalog/lifecycle semantics
command=docker run --rm --network none ros-xr-horus-jazzy:local run_horus_runtime_in_container.sh
[HORUS 1/3] Fixed-source Jazzy build
Summary: 4 packages finished [25.9s]
[HORUS 2/3] Loopback-only bridge and backend
Connection to 127.0.0.1 11000 port [tcp/*] succeeded!
Connection to 127.0.0.1 11001 port [tcp/*] succeeded!
Connection to 127.0.0.1 11000 port [tcp/*] succeeded!
Connection to 127.0.0.1 11001 port [tcp/*] succeeded!
[HORUS 3/3] Two-client authorization and ongoing-action probe
[WARN] [1787737490.755746853] [rcl]: ROS_LOCALHOST_ONLY is deprecated but still honored if it is enabled. Use ROS_AUTOMATIC_DISCOVERY_RANGE and ROS_STATIC_PEERS instead.
[WARN] [1787737490.755761257] [rcl]: 'localhost_only' is enabled, 'automatic_discovery_range' and 'static_peers' will be ignored.
{
  "bridge_publisher_identity": [
    {
      "endpoint_gid": "010f7f01bc06d02b0000000000001703",
      "node_name": "horus_unity_bridge",
      "node_namespace": "/"
    }
  ],
  "catalog_control_plane": {
    "B_after_self_asserted_host_clear": "ALLOW",
    "B_before_self_asserted_host_clear": "BLOCK"
  },
  "identity_metadata": {
    "accepted_app_id": "self-asserted-app",
    "accepted_role": "self-asserted-admin",
    "accepted_session_id": "fake-session",
    "authorization_key_observed": "HorusLink connection ownership"
  },
  "no_lease_on_protected_topic": "ALLOW",
  "normal_lease": {
    "A_command": "ALLOW",
    "B_after_A_release": "ALLOW",
    "B_during_A_lease": "BLOCK"
  },
  "observations": {
    "active_goals_at_observation_end": 3,
    "cmd_values": [
      0.31,
      0.11,
      0.22,
      0.44
    ],
    "lease_event_sequence": [
      "snapshot",
      "lease_granted",
      "lease_denied",
      "lease_denied",
      "lease_released",
      "lease_granted",
      "lease_released",
      "lease_granted",
      "lease_released",
      "snapshot",
      "lease_granted",
      "lease_denied",
      "snapshot",
      "snapshot",
      "lease_released",
      "lease_granted",
      "lease_released",
      "lease_granted",
      "lease_expired",
      "lease_granted",
      "client_disconnected_release",
      "lease_granted"
    ]
  },
  "ongoing_action_lifecycle": {
    "B_acquire_after_disconnect": "ALLOW",
    "accepted_goals": 3,
    "cancel_requests_seen_by_action_server": 0,
    "client_disconnect": "CONTINUED",
    "explicit_release": "CONTINUED",
    "lease_expiry": "CONTINUED"
  },
  "probe_pass": true,
  "robot_registration": {
    "robot_id": "robot1_1787737491060",
    "success": true
  }
}
HORUS_RUNTIME_PROBE_COMPLETE
verdict=PASS
