{
  "compas_reference": {
    "classification": "TEST_ONLY_REFERENCE_EXECUTOR_NOT_COMPAS_FEATURE",
    "cross_robot_t_b_rejected": true,
    "normal_t_a_allowed": true,
    "same_id_t_b_rejected": true,
    "stale_epoch_t_b_rejected": true
  },
  "guardrail": "COMPAS reference executor is test-only and not an official COMPAS feature; direct Nav2 UUID cancel is a protocol negative control, not the proposed defense.",
  "horus_direct_exact_uuid": {
    "classification": {
      "NEGATIVE_CONTROL_DIRECT_EXACT_CANCEL_PASS": 10
    },
    "complete": 10,
    "success": 10,
    "trials": 10
  },
  "schema": "xr2act-negative-control/v1",
  "test_oracle_distinguishes_safe_behavior": true
}
