test_date=2026-08-25T07:55:07+00:00
clone_time=2026-08-25T16:55:02+09:00
Quest2ROS2 repository=https://github.com/Taokt/Quest2ROS2.git branch=main commit=07aaf65149c9e29103f1fc61deb466cef8a55cef
ros_tcp_communication repository=https://github.com/guguroro/ros_tcp_communication.git branch=main commit=5c5f08956d4bc7a045c321214b0bc03c63eb20a7
Quest2ROS2 license=Apache-2.0 root_LICENSE_sha256=31bbc9c83a50315f556433098ab350eb3c89f7a3156bfb2a40640814ac553baa
ros_tcp_communication license=Apache-2.0 LICENSE_sha256=b985eb92333b08a685ad5c0ce3a361ba4e2882880e5607312a5677c97ecc4b05
source_patch=NONE
workspace_construction=official Files_for_msg_pkg copied as quest2ros per README
upstream_manifest_note=q2r2_bringup declares quest2ros2_msg while current simulator imports quest2ros
build_command=colcon build --packages-select quest2ros ros_tcp_endpoint q2r2_bringup origin_test

[colcon list]
origin_test	/tmp/quest2ros2-feasibility.umL0q1/ws/src/origin_test	(ros.ament_cmake)
q2r2_bringup	/tmp/quest2ros2-feasibility.umL0q1/ws/src/q2r2_bringup	(ros.ament_python)
quest2ros	/tmp/quest2ros2-feasibility.umL0q1/ws/src/quest2ros	(ros.ament_cmake)
ros_tcp_endpoint	/tmp/quest2ros2-feasibility.umL0q1/ws/src/ros_tcp_endpoint	(ros.ament_python)

[colcon build]
Starting >>> origin_test
Finished <<< origin_test [0.43s]
Starting >>> q2r2_bringup
Finished <<< q2r2_bringup [0.45s]
Starting >>> quest2ros
Finished <<< quest2ros [2.26s]
Starting >>> ros_tcp_endpoint
/usr/lib/python3/dist-packages/setuptools/dist.py:723: UserWarning: Usage of dash-separated 'script-dir' will not be supported in future versions. Please use the underscore name 'script_dir' instead
  warnings.warn(
/usr/lib/python3/dist-packages/setuptools/dist.py:723: UserWarning: Usage of dash-separated 'install-scripts' will not be supported in future versions. Please use the underscore name 'install_scripts' instead
  warnings.warn(
--- stderr: ros_tcp_endpoint
/usr/lib/python3/dist-packages/setuptools/dist.py:723: UserWarning: Usage of dash-separated 'script-dir' will not be supported in future versions. Please use the underscore name 'script_dir' instead
  warnings.warn(
---
Finished <<< ros_tcp_endpoint [0.45s]

Summary: 4 packages finished [3.71s]
  1 package had stderr output: ros_tcp_endpoint
build_result=PASS packages=quest2ros,ros_tcp_endpoint,q2r2_bringup,origin_test
SimulationInput_smoke=PASS mode=velocity topic=/q2r_right_hand_twist note=ROS-only_not_TCP_identity_evidence
docker_image_build=PASS image=ros-xr-humble:local
