{"wall": 1791049027.8760679, "seq": "1", "attempt": "R01_B1_CACHE_GAP_r1", "invalid": [], "snapshot": "1648c5729acdb7a42055001f53d78d470b9a99b6"}
{"wall": 1791049046.568919, "seq": "2", "attempt": "R02_B0_CACHE_GAP_r1", "invalid": [], "snapshot": "1648c5729acdb7a42055001f53d78d470b9a99b6"}
{"wall": 1791049065.2543373, "seq": "3", "attempt": "R03_B0_NEUTRAL_GAP_r1", "invalid": [], "snapshot": "1648c5729acdb7a42055001f53d78d470b9a99b6"}
{"wall": 1791049083.9286351, "seq": "4", "attempt": "R04_B1_NEUTRAL_GAP_r1", "invalid": [], "snapshot": "1648c5729acdb7a42055001f53d78d470b9a99b6"}
{"wall": 1791049102.6164181, "seq": "5", "attempt": "R05_B1_N_MOVE_r1", "invalid": [], "snapshot": "1648c5729acdb7a42055001f53d78d470b9a99b6"}
{"wall": 1791049121.2954912, "seq": "6", "attempt": "R06_B0_N_MOVE_r1", "invalid": [], "snapshot": "1648c5729acdb7a42055001f53d78d470b9a99b6"}
{"wall": 1791049139.9773502, "seq": "7", "attempt": "R07_B0_MISSING_DUP_r1", "invalid": [], "snapshot": "1648c5729acdb7a42055001f53d78d470b9a99b6"}
{"wall": 1791049158.6495726, "seq": "8", "attempt": "R08_B1_MISSING_DUP_r1", "invalid": [], "snapshot": "1648c5729acdb7a42055001f53d78d470b9a99b6"}
{"wall": 1791049177.327063, "seq": "9", "attempt": "R09_B0_N_STILL_r1", "invalid": [], "snapshot": "1648c5729acdb7a42055001f53d78d470b9a99b6"}
{"wall": 1791049196.0018988, "seq": "10", "attempt": "R10_B1_N_STILL_r1", "invalid": [], "snapshot": "1648c5729acdb7a42055001f53d78d470b9a99b6"}
{"wall": 1791049214.6808507, "seq": "11", "attempt": "R11_B1_RECONNECT_DUP_r1", "invalid": [], "snapshot": "1648c5729acdb7a42055001f53d78d470b9a99b6"}
{"wall": 1791049233.3499873, "seq": "12", "attempt": "R12_B0_RECONNECT_DUP_r1", "invalid": [], "snapshot": "1648c5729acdb7a42055001f53d78d470b9a99b6"}
{"wall": 1791049252.029162, "seq": "13", "attempt": "R13_B1_MISSING_DUP_r2", "invalid": [], "snapshot": "1648c5729acdb7a42055001f53d78d470b9a99b6"}
{"wall": 1791049270.7229476, "seq": "14", "attempt": "R14_B0_MISSING_DUP_r2", "invalid": [], "snapshot": "1648c5729acdb7a42055001f53d78d470b9a99b6"}
{"wall": 1791049289.414269, "seq": "15", "attempt": "R15_B0_CACHE_GAP_r2", "invalid": [], "snapshot": "1648c5729acdb7a42055001f53d78d470b9a99b6"}
{"wall": 1791049308.091473, "seq": "16", "attempt": "R16_B1_CACHE_GAP_r2", "invalid": [], "snapshot": "1648c5729acdb7a42055001f53d78d470b9a99b6"}
{"wall": 1791049326.7697155, "seq": "17", "attempt": "R17_B1_NEUTRAL_GAP_r2", "invalid": [], "snapshot": "1648c5729acdb7a42055001f53d78d470b9a99b6"}
{"wall": 1791049345.440486, "seq": "18", "attempt": "R18_B0_NEUTRAL_GAP_r2", "invalid": [], "snapshot": "1648c5729acdb7a42055001f53d78d470b9a99b6"}
{"wall": 1791049364.1211028, "seq": "19", "attempt": "R19_B0_RECONNECT_DUP_r2", "invalid": [], "snapshot": "1648c5729acdb7a42055001f53d78d470b9a99b6"}
{"wall": 1791049382.7814598, "seq": "20", "attempt": "R20_B1_RECONNECT_DUP_r2", "invalid": [], "snapshot": "1648c5729acdb7a42055001f53d78d470b9a99b6"}
{"wall": 1791049401.462004, "seq": "21", "attempt": "R21_B1_N_STILL_r2", "invalid": [], "snapshot": "1648c5729acdb7a42055001f53d78d470b9a99b6"}
{"wall": 1791049420.154429, "seq": "22", "attempt": "R22_B0_N_STILL_r2", "invalid": [], "snapshot": "1648c5729acdb7a42055001f53d78d470b9a99b6"}
{"wall": 1791049438.8666425, "seq": "23", "attempt": "R23_B0_N_MOVE_r2", "invalid": [], "snapshot": "1648c5729acdb7a42055001f53d78d470b9a99b6"}
{"wall": 1791049457.5324001, "seq": "24", "attempt": "R24_B1_N_MOVE_r2", "invalid": [], "snapshot": "1648c5729acdb7a42055001f53d78d470b9a99b6"}
{"wall": 1791049476.2201214, "seq": "25", "attempt": "R25_B0_N_STILL_r3", "invalid": [], "snapshot": "1648c5729acdb7a42055001f53d78d470b9a99b6"}
{"wall": 1791049494.909563, "seq": "26", "attempt": "R26_B1_N_STILL_r3", "invalid": [], "snapshot": "1648c5729acdb7a42055001f53d78d470b9a99b6"}
{"wall": 1791049513.6400325, "seq": "27", "attempt": "R27_B1_N_MOVE_r3", "invalid": [], "snapshot": "1648c5729acdb7a42055001f53d78d470b9a99b6"}
{"wall": 1791049532.333657, "seq": "28", "attempt": "R28_B0_N_MOVE_r3", "invalid": [], "snapshot": "1648c5729acdb7a42055001f53d78d470b9a99b6"}
{"wall": 1791049551.0167458, "seq": "29", "attempt": "R29_B1_CACHE_GAP_r3", "invalid": [], "snapshot": "1648c5729acdb7a42055001f53d78d470b9a99b6"}
{"wall": 1791049569.7017014, "seq": "30", "attempt": "R30_B0_CACHE_GAP_r3", "invalid": [], "snapshot": "1648c5729acdb7a42055001f53d78d470b9a99b6"}
{"wall": 1791049588.3655436, "seq": "31", "attempt": "R31_B0_NEUTRAL_GAP_r3", "invalid": [], "snapshot": "1648c5729acdb7a42055001f53d78d470b9a99b6"}
{"wall": 1791049607.0412211, "seq": "32", "attempt": "R32_B1_NEUTRAL_GAP_r3", "invalid": [], "snapshot": "1648c5729acdb7a42055001f53d78d470b9a99b6"}
{"wall": 1791049625.6979816, "seq": "33", "attempt": "R33_B0_MISSING_DUP_r3", "invalid": [], "snapshot": "1648c5729acdb7a42055001f53d78d470b9a99b6"}
{"wall": 1791049644.3790905, "seq": "34", "attempt": "R34_B1_MISSING_DUP_r3", "invalid": [], "snapshot": "1648c5729acdb7a42055001f53d78d470b9a99b6"}
{"wall": 1791049663.044898, "seq": "35", "attempt": "R35_B1_RECONNECT_DUP_r3", "invalid": [], "snapshot": "1648c5729acdb7a42055001f53d78d470b9a99b6"}
{"wall": 1791049681.719076, "seq": "36", "attempt": "R36_B0_RECONNECT_DUP_r3", "invalid": [], "snapshot": "1648c5729acdb7a42055001f53d78d470b9a99b6"}
